== R260: map 260 rec17, flags 0x230180, terrain 0, spawn PosZ 1 (rest = T+1)
   t |  PosZ(bin)  PosZ-1(dll) |    ForceZ FinalForce |  Terrain | Gnd Coll | script ops (opcode:result)
  -3 |          1          0 |         0    -32768 |         0 | 1 1 |  (rest, before C[5])
  -2 |          1          0 |         0    -32768 |         0 | 1 1 |  (rest, before C[5])
  -1 |          1          0 |         0    -32768 |         0 | 1 1 |  (rest, before C[5])
   0 |      32769      32768 |     32768     32768 |         0 | 0 0 | 63:4 1b:3 20:0 
   1 |      65537      65536 |     32768     32768 |         0 | 0 0 | 20:0 
   2 |      98305      98304 |     32768     32768 |         0 | 0 0 | 20:0 
  62 |    2064385    2064384 |     32768     32768 |         0 | 0 0 | 20:0 
  63 |    2097153    2097152 |     32768     32768 |         0 | 0 0 | 20:0 
  64 |    2097153    2097152 |         0         0 |         0 | 0 0 | 20:3 bd:3 1b:3 ff:- <<< 0x20 returned 3
  0x20 [32,0] returned 3 at script call #64 after the first (first call at t=0)
  65 |    2097153    2097152 |         0         0 |         0 | 0 0 |  (after)
  66 |    2097153    2097152 |         0         0 |         0 | 0 0 |  (after)
== R47: map 47 rec3, flags 0x830180, terrain 1048576, spawn PosZ 1048577
   t |  PosZ(bin)  PosZ-1(dll) |    ForceZ FinalForce |  Terrain | Gnd Coll | script ops (opcode:result)
  -3 |    1048577    1048576 |         0    -32768 |   1048576 | 1 1 |  (rest, before C[4])
  -2 |    1048577    1048576 |         0    -32768 |   1048576 | 1 1 |  (rest, before C[4])
  -1 |    1048577    1048576 |         0    -32768 |   1048576 | 1 1 |  (rest, before C[4])
   0 |   10452993   10452992 |    -32768    -32768 |   1048576 | 0 0 | 17:1 64:8 1b:3 20:0 
   1 |   10420225   10420224 |    -32768    -32768 |   1048576 | 0 0 | 20:0 
   2 |   10387457   10387456 |    -32768    -32768 |   1048576 | 0 0 | 20:0 
 189 |    4259841    4259840 |    -32768    -32768 |   1048576 | 0 0 | 20:0 
 190 |    4227073    4227072 |    -32768    -32768 |   1048576 | 0 0 | 20:0 
 191 |    4194305    4194304 |    -32768    -32768 |   1048576 | 0 0 | 20:0 
 192 |    4194305    4194304 |         0         0 |   1048576 | 0 0 | 20:3 1b:3 ff:- <<< 0x20 returned 3
  0x20 [96,0] returned 3 at t=192 (first call at t=0)
 193 |    4194305    4194304 |         0         0 |   1048576 | 0 0 |  (after)
 194 |    4194305    4194304 |         0         0 |   1048576 | 0 0 |  (after)
== R127: map 127 rec17, flags 0x32002, size (24, 16, 16), terrain(probe) 13631488 (= 208 px), spawn PosZ 19922945 (target 19922944)
   t |  PosZ(bin)  PosZ-1(dll) |    ForceZ FinalForce |  Terrain | Gnd Coll | script ops (opcode:result)
   0 |   19890177   19890176 |    -32768    -32768 |  13631488 | 0 0 | 16:1 25:0 
   1 |   19824641   19824640 |    -65536    -65536 |  13631488 | 0 0 | 25:0 
   2 |   19726337   19726336 |    -98304    -98304 |  13631488 | 0 0 | 25:0 
  20 |   13664257   13664256 |     32768     32768 |  13631488 | 0 0 | 25:1 17:1 1b:3 22:0 
 212 |   19922944   19922943 |         0         0 |  13631488 | 0 0 | 22:1 1b:3 00:0 
  0x22 returned 1 at t=212, PosZ=19922944 target=19922944
