
### Z-1  rise, gravity off, ForceZ +32768 from rest on flat 0
terrain 0 px, G 128 V 4096, flags 0x80, start PosZ 0 (binary 1), ForceZ 32768 
| tick | PosZ | ForceZ | FinalForceZ | Coll | IsOnGround | binary PosZ |
|---|---|---|---|---|---|---|
| 1 | 32768 | 32768 | 32768 | 0 | 0 | 32769 |
| 2 | 65536 | 32768 | 32768 | 0 | 0 | 65537 |
| 3 | 98304 | 32768 | 32768 | 0 | 0 | 98305 |
| 4 | 131072 | 32768 | 32768 | 0 | 0 | 131073 |
| 5 | 163840 | 32768 | 32768 | 0 | 0 | 163841 |

### Z-2  fall, gravity off, ForceZ -32768 from 160 px over a 16 px terrain (Sara of 47)
terrain 16 px, G 128 V 4096, flags 0x80, start PosZ 10485760 (binary 10485761), ForceZ -32768 
| tick | PosZ | ForceZ | FinalForceZ | Coll | IsOnGround | binary PosZ |
|---|---|---|---|---|---|---|
| 1 | 10452992 | -32768 | -32768 | 0 | 0 | 10452993 |
| 2 | 10420224 | -32768 | -32768 | 0 | 0 | 10420225 |
| 3 | 10387456 | -32768 | -32768 | 0 | 0 | 10387457 |
| 190 | 4259840 | -32768 | -32768 | 0 | 0 | 4259841 |
| 191 | 4227072 | -32768 | -32768 | 0 | 0 | 4227073 |
| 192 | 4194304 | -32768 | -32768 | 0 | 0 | 4194305 |

### Z-3  gravity entity dropped from 5 px on flat 0, G 128 V 4096
terrain 0 px, G 128 V 4096, flags 0x180, start PosZ 327680 (binary 327681), ForceZ 0 
| tick | PosZ | ForceZ | FinalForceZ | Coll | IsOnGround | binary PosZ |
|---|---|---|---|---|---|---|
| 1 | 294912 | -32768 | -32768 | 0 | 0 | 294913 |
| 2 | 229376 | -65536 | -65536 | 0 | 0 | 229377 |
| 3 | 131072 | -98304 | -98304 | 0 | 0 | 131073 |
| 4 | 0 | -131072 | -131072 | 0 | 1 | 1 |
| 5 | 0 | 0 | -163840 | 1 | 1 | 1 |
| 6 | 0 | 0 | -32768 | 1 | 1 | 1 |
| 7 | 0 | 0 | -32768 | 1 | 1 | 1 |
| 8 | 0 | 0 | -32768 | 1 | 1 | 1 |

### Z-4  at rest with gravity on flat 0 (T = 0): contact every tick
terrain 0 px, G 128 V 4096, flags 0x180, start PosZ 0 (binary 1), ForceZ 0 
| tick | PosZ | ForceZ | FinalForceZ | Coll | IsOnGround | binary PosZ |
|---|---|---|---|---|---|---|
| 1 | 0 | 0 | -32768 | 1 | 1 | 1 |
| 2 | 0 | 0 | -32768 | 1 | 1 | 1 |
| 3 | 0 | 0 | -32768 | 1 | 1 | 1 |
| 4 | 0 | 0 | -32768 | 1 | 1 | 1 |

### Z-5  at rest WITHOUT gravity on flat 0
terrain 0 px, G 128 V 4096, flags 0x80, start PosZ 0 (binary 1), ForceZ 0 
| tick | PosZ | ForceZ | FinalForceZ | Coll | IsOnGround | binary PosZ |
|---|---|---|---|---|---|---|
| 1 | 0 | 0 | 0 | 0 | 1 | 1 |
| 2 | 0 | 0 | 0 | 0 | 1 | 1 |
| 3 | 0 | 0 | 0 | 0 | 1 | 1 |

### Z-6  no gravity, F = 0, 1 unit BELOW the terrain (T = 16 px): lifted to T with contact
terrain 16 px, G 128 V 4096, flags 0x80, start PosZ 1048575 (binary 1048576), ForceZ 0 
| tick | PosZ | ForceZ | FinalForceZ | Coll | IsOnGround | binary PosZ |
|---|---|---|---|---|---|---|
| 1 | 1048576 | 0 | 0 | 1 | 1 | 1048577 |
| 2 | 1048576 | 0 | 0 | 0 | 1 | 1048577 |
| 3 | 1048576 | 0 | 0 | 0 | 1 | 1048577 |

### Z-6b no gravity, F = 0, exactly AT the terrain: nothing happens (strict landing)
terrain 16 px, G 128 V 4096, flags 0x80, start PosZ 1048576 (binary 1048577), ForceZ 0 
| tick | PosZ | ForceZ | FinalForceZ | Coll | IsOnGround | binary PosZ |
|---|---|---|---|---|---|---|
| 1 | 1048576 | 0 | 0 | 0 | 1 | 1048577 |
| 2 | 1048576 | 0 | 0 | 0 | 1 | 1048577 |
| 3 | 1048576 | 0 | 0 | 0 | 1 | 1048577 |

### Z-7  terminal velocity: gravity entity from 600 px over flat 0, G 128 V 4096
terrain 0 px, G 128 V 4096, flags 0x180, start PosZ 39321600 (binary 39321601), ForceZ 0 
| tick | PosZ | ForceZ | FinalForceZ | Coll | IsOnGround | binary PosZ |
|---|---|---|---|---|---|---|
| 1 | 39288832 | -32768 | -32768 | 0 | 0 | 39288833 |
| 2 | 39223296 | -65536 | -65536 | 0 | 0 | 39223297 |
| 3 | 39124992 | -98304 | -98304 | 0 | 0 | 39124993 |
| 30 | 24084480 | -983040 | -983040 | 0 | 0 | 24084481 |
| 31 | 23068672 | -1015808 | -1015808 | 0 | 0 | 23068673 |
| 32 | 22020096 | -1048576 | -1048576 | 0 | 0 | 22020097 |
| 33 | 20971520 | -1048576 | -1048576 | 0 | 0 | 20971521 |
| 34 | 19922944 | -1048576 | -1048576 | 0 | 0 | 19922945 |
| 35 | 18874368 | -1048576 | -1048576 | 0 | 0 | 18874369 |
| 78 | 0 | 0 | -32768 | 1 | 1 | 1 |
| 79 | 0 | 0 | -32768 | 1 | 1 | 1 |
| 80 | 0 | 0 | -32768 | 1 | 1 | 1 |

### Z-7b maps 159/160: G 3 V 256 (terminal 256 << 8 = 65536 after 86 ticks), from 300 px
terrain 0 px, G 3 V 256, flags 0x180, start PosZ 19660800 (binary 19660801), ForceZ 0 
| tick | PosZ | ForceZ | FinalForceZ | Coll | IsOnGround | binary PosZ |
|---|---|---|---|---|---|---|
| 1 | 19660032 | -768 | -768 | 0 | 0 | 19660033 |
| 2 | 19658496 | -1536 | -1536 | 0 | 0 | 19658497 |
| 3 | 19656192 | -2304 | -2304 | 0 | 0 | 19656193 |
| 84 | 16919040 | -64512 | -64512 | 0 | 0 | 16919041 |
| 85 | 16853760 | -65280 | -65280 | 0 | 0 | 16853761 |
| 86 | 16788224 | -65536 | -65536 | 0 | 0 | 16788225 |
| 87 | 16722688 | -65536 | -65536 | 0 | 0 | 16722689 |
| 98 | 16001792 | -65536 | -65536 | 0 | 0 | 16001793 |
| 99 | 15936256 | -65536 | -65536 | 0 | 0 | 15936257 |
| 100 | 15870720 | -65536 | -65536 | 0 | 0 | 15870721 |

### Z-8  1B [128,0] on a gravity entity (no 17 first): the decay of the same tick eats it
terrain 0 px, G 128 V 4096, flags 0x180, start PosZ 655360 (binary 655361), ForceZ 0 
| tick | PosZ | ForceZ | FinalForceZ | Coll | IsOnGround | binary PosZ |
|---|---|---|---|---|---|---|
| 1 | 655360 | 0 | 0 | 0 | 0 | 655361 |
| 2 | 622592 | -32768 | -32768 | 0 | 0 | 622593 |
| 3 | 557056 | -65536 | -65536 | 0 | 0 | 557057 |
| 4 | 458752 | -98304 | -98304 | 0 | 0 | 458753 |

### Z-9  cap 0x7800000: no gravity, ForceZ +64 px/tick from 1792 px, SizeZ 32
terrain 0 px, G 128 V 4096, flags 0x80, start PosZ 117440512 (binary 117440513), ForceZ 4194304 
| tick | PosZ | ForceZ | FinalForceZ | Coll | IsOnGround | binary PosZ |
|---|---|---|---|---|---|---|
| 1 | 121634816 | 4194304 | 4194304 | 0 | 0 | 121634817 |
| 2 | 123731967 | 4194304 | 4194304 | 1 | 0 | 123731968 |
| 3 | 123731967 | 4194304 | 4194304 | 1 | 0 | 123731968 |
| 4 | 123731967 | 4194304 | 4194304 | 1 | 0 | 123731968 |
